ERROR:LORA :Couldn't connect with COM7.
INFO:LORA :Connected with COM7 at 9600 baudrate.
INFO:LORA :Serial Write: bytearray(b'\xc0\x00\t\x00\x00\x00\xe2\x00\x00\x03\x00\x00')
INFO:LORA :Serial Write: bytearray(b'\xc0\x00\t\x00\x00\x00\xe2\x00\x12\x03\x00\x00')
INFO:LORA :Serial Write: bytearray(b'\xc0\x00\t\x00\x00\x00\xe2\x00A\x03\x00\x00')
INFO:LORA :Serial Write: bytearray(b'\xc1\x00\t')
INFO:LORA :Serial Write: bytearray(b'\xc1\x00\t')
INFO:LORA :Serial Write: bytearray(b'\xc0\x00\t\x00\x00\x00b\x00A\x03\x00\x00')
INFO:LORA :Serial Write: bytearray(b'\xc0\x00\t\x00\x00\x00b\x00A\x03\x00\x00')
INFO:LORA :Serial Write: bytearray(b'\xc0\x00\t\x00\x00\x00b\x00\x12\x03\x00\x00')
INFO:LORA :Serial Write: bytearray(b'\xc0\x00\t\x00\x00\x00b\x00\x12\x03\x00\x00')
INFO:LORA :Serial Write: bytearray(b'\xc0\x00\t\x00\x00\x00b\x00A\x03\x00\x00')
INFO:LORA :Serial Write: bytearray(b'\xc0\x00\t\x00\x00\x00b\x00A\x03\x00\x00')
INFO:LORA :Serial Write: bytearray(b'\xc0\x00\t\x00\x00\x00b\x00\x12\x03\x00\x00')
INFO:LORA :Serial Write: bytearray(b'\xc0\x00\t\x00\x00\x00b\x00\x12\x03\x00\x00')
INFO:LORA :Serial Write: bytearray(b'\xc1\x00\t')
ERROR:LORA :Couldn't connect with COM10.
INFO:LORA :Connected with COM7 at 9600 baudrate.
INFO:LORA :Serial Write: bytearray(b'\xc1\x00\t')
INFO:LORA :Serial Write: bytearray(b'\xc1\x00\t')
INFO:LORA :Serial Write: bytearray(b'\xc0\x00\t\x00\x00\x00b\x00\x12\x03\x00\x00')
INFO:LORA :Serial Write: bytearray(b'\xc1\x00\t')
INFO:LORA :Serial Write: bytearray(b'\xc1\x00\t')
INFO:LORA :Serial Write: bytearray(b'\xc0\x00\t\x00\x00\x00\xe2\x00\x00\x03\x00\x00')
INFO:LORA :Serial Write: bytearray(b'\xc1\x00\t')
INFO:LORA :Serial Write: bytearray(b'\xc0\x00\t\x00\x00\x00\xe2\x00\x12\x03\x00\x00')
INFO:LORA :Serial Write: bytearray(b'\xc0\x00\t\x00\x00\x00\xe2\x00A\x03\x00\x00')
INFO:LORA :Serial Write: bytearray(b'\xc1\x00\t')
INFO:LORA :Serial Write: bytearray(b'\xc1\x00\t')
INFO:LORA :Connected with COM7 at 9600 baudrate.
INFO:LORA :Serial Write: bytearray(b'\xc1\x00\t')
INFO:LORA :Serial Write: bytearray(b'\xc0\x00\t\x00\x00\x00b\x00\x00\x03\x00\x00')
INFO:LORA :Serial Write: bytearray(b'\xc1\x00\t')
INFO:LORA :Serial Write: bytearray(b'\xc0\x00\t\x00\x00\x00b\x00\x12\x03\x00\x00')
INFO:LORA :Serial Write: bytearray(b'\xc1\x00\t')
INFO:LORA :Serial Write: bytearray(b'\xc0\x00\t\x00\x00\x00b\x00A\x03\x00\x00')
INFO:LORA :Serial Write: bytearray(b'\xc1\x00\t')
INFO:LORA :Serial Write: bytearray(b'\xc0\x00\t\x00\x00\x00b\x00A\x03\x00\x00')
INFO:LORA :Serial Write: bytearray(b'\xc0\x00\t\x00\x00\x00b\x00A\x03\x00\x00')
INFO:LORA :Connected with COM7 at 9600 baudrate.
INFO:LORA :Serial Write: bytearray(b'\xc0\x00\t\x00\x00\x00b\x00\x12\x03\x00\x00')
INFO:LORA :Serial Write: bytearray(b'\xc0\x00\t\x00\x00\x00b\x00\x00\x03\x00\x00')
INFO:LORA :Serial Write: bytearray(b'\xc1\x00\t')
INFO:LORA :Serial Write: bytearray(b'\xc0\x00\t\x00\x00\x00\xe2\x00\x00\x03\x00\x00')
INFO:LORA :Serial Write: bytearray(b'\xc1\x00\t')
INFO:LORA :Serial Write: bytearray(b'\xc1\x00\t')
ERROR:LORA :Couldn't connect with COM10.
INFO:LORA :Connected with COM7 at 9600 baudrate.
INFO:LORA :Serial Write: bytearray(b'\xc0\x00\t\x00\x00\x00b\x00\x00\x03\x00\x00')
INFO:LORA :Serial Write: bytearray(b'\xc1\x00\t')
